// Jest Snapshot v1, https://goo.gl/fbAQLP

exports[`DPolygon clearPolygonOnCanvas 1 1`] = `"data:image/png;base64,iVBORw0KGgoAAAANSUhEUgAAAJYAAABkCAYAAABkW8nwAAAABmJLR0QA/wD/AP+gvaeTAAACI0lEQVR4nO3cTWrbABSF0efSbRUy6bJK1eU0a8gwayjdjTsIgaYYU0nvyuhxzjATefDxLvgnl1rqWtDs06NfADMJiwhhESEsIoRFhLCIEBYRwiJCWEQ8IqzXqvpaVb8e8GwOcmRYb0Et9aWWeqlLPR/4bA72+YBnvFbVj1rq5cNfr/WzqpYDns8DJC/Wxwv1r6V+lzkcK3Gxbl+oWy71XFdXa6LOsP4/qHfmcKyOKbw/efeYw7H2XKz1F+oWczjSlrB6gnpnDkdaM4XbJ+8eczjSmrC+tQb1N2+WjrMmrO+xV/E2hwyyJqynWuop8irM4Thr327IXS1zOMrasHJXyxyOsuUN0szVMoejbAkrd7XM4RhbP9LJXC1zOMbWsDJXyxyOsedD6MzVMocj7Akrc7XM4Qh7vzbTf7XM4Qh7w8pcLXN4eh1f9Ou/Wubw9DrC6r9a5vD0un6l03+1zOGpdYXVf7XM4al1/q6w92qZw1PrDKv/apnD0+r+JXTv1TKHp3Xxf95J8P+xiBAWEcIiQlhECIsIYREhLCKERYSwiBAWEcIiQlhECIsIYREhLCKERYSwiBAWEcIiQlhECIsIYREhLCKERYSwiBAWEcIiQlhECIsIYREhLCKERYSwiBAWEcIiQlhECIsIYREhLCKERYSwiBAWEcIiQlhECIsIYREhLCKERYSwiBAWEcIiQlhECIsIYREhLCKERYSwiBAWEcIi4g+HGl1Ee5vcOwAAAABJRU5ErkJggg=="`;

exports[`DPolygon drawPolygonOnCanvas 1 1`] = `"data:image/png;base64,iVBORw0KGgoAAAANSUhEUgAAAGQAAABkCAYAAABw4pVUAAAABmJLR0QA/wD/AP+gvaeTAAAB90lEQVR4nO3WPU9TYQDF8VPuLY66wQAoic46lgEGvgMjDYmRXT6GSZnFwYTV7+CAC19BrwnykhCYYKVUj0PTWpIa7fOSG+j/d3OHdnpuTs7JIwEAAADANLAKWS/rPgasGVkbsr7KOlOz+6ruI02nfiPasip55Fk7uJTcqPt402NMEM3qmfV5vf9r960lr9R9zIfv7jT1gzhasLb3rPLWi61P/X/PFqyZn7t1H/fh+kcQyzrynrbdbZSeP37EbGXzn0HcqrQlW/JOR8xWcgFBDN7DlpitZCKCGLy/GvozW6tfmK0gCYIYfYez1dmx5Fbdn3d/JA7iL7PVqfsz7wdrWda3QRCz1VOrvW8VveAgRmdr7oTb1mSsQjezP2RZH95YRc8vVHlfbfdUBAUxdra4bU2g29ySZX1/7tfl+yRBcNuKYRW6enIuy3Ptd8ETxW0rpZGWfCw3kwXCbStUxpZw2wqVqSXMVqiMLWG2QmVqCbMVKlNLmK0YmVrCbIXK1BJmK0aGljBbMTK1hNmKkaElw9k6XWS2JpahJXdma+3ggtmaVIaWMFsxMrSE2YqVuCXMVqwMLWG2Yg1akvo5WWK2gliFrh9fZAmF2QrlQnKV4KI17mW2AAAAAAAAAAAAAAAAAAAAAAAAAAAAAAAAAAAAAAAAAAAAgKHfGvOokM5slPcAAAAASUVORK5CYII="`;

exports[`DPolygon drawPolygonOnCanvas 2 1`] = `"data:image/png;base64,iVBORw0KGgoAAAANSUhEUgAAAGQAAABkCAYAAABw4pVUAAAABmJLR0QA/wD/AP+gvaeTAAABeUlEQVR4nO3XvU4VURQF4DWWJl6fx0Yaa6ioeAKfweehNOElaCRYWNNCq2+wLS7JQEyM9/x4CfN97czsnGRnrcxJAAAA4L+qLKl8TOXtsY+ybftFnKZym8p9KlfHPtJ2VT6l8i2VH6mcp7JL5Wcq7499tG35cxHLk2dXqVwc8XQb8rdFrO9cqK3Z/mUR67vv1NYshyzi+Xdqa6jWRazfq60hehexzlFbXUYt4vlMtXWwysnjhe728XLXv4h1tto62H4Jd6m8mTB7l8qvVHbDZ79q+6o6nTRbbR2scpbK96F1tc5WW01mpcTfVqO5KVFbTealRG01mZUStdVhXkrUVpN5KVFbzWakRG11mJcStdVsTkrUVrMZKVFbneakRG01m5MStdVldErUVqc5KVFbXcanRG11GZ2SjdbWyIpZktwkuU7yMGjq5yRfsuRy0LwXb/Qt+0OSs6Ezk5ss+Tp4JgAAAAAAAAAAAAAAAAAAAAAAAAAAAADASL8BJOj2duK5nFwAAAAASUVORK5CYII="`;

exports[`DPolygon drawPolygonOnCanvas 3 1`] = `"data:image/png;base64,iVBORw0KGgoAAAANSUhEUgAAAGQAAABkCAYAAABw4pVUAAAABmJLR0QA/wD/AP+gvaeTAAAAPklEQVR4nO3BMQEAAADCoPVPbQsvoAAAAAAAAAAAAAAAAAAAAAAAAAAAAAAAAAAAAAAAAAAAAAAAAAAAgKcBnKQAAaZ1lY4AAAAASUVORK5CYII="`;
