// Jest Snapshot v1, https://goo.gl/fbAQLP

exports[`DPolygon Parse xyz 1`] = `
DPolygon {
  "holes": Array [],
  "pPoints": Array [
    DPoint {
      "properties": Object {},
      "x": 11,
      "y": 12,
      "z": 13,
    },
    DPoint {
      "properties": Object {},
      "x": 21,
      "y": 22,
      "z": 23,
    },
    DPoint {
      "properties": Object {},
      "x": 31,
      "y": 32,
      "z": 33,
    },
  ],
  "properties": Object {},
  "searchStore": Object {},
}
`;
